// Jest Snapshot v1, https://goo.gl/fbAQLP

exports[`<VerifyView /> snapshots should render correctly 1`] = `
<ContentView
  noVerificationWarning={true}
  title="Verify"
>
  <div
    className="validationResult "
  >
    Verifying your email...
  </div>
</ContentView>
`;
